--- parse-tree start ---
Integer {
  val = "1"
}
--- parse-tree end ---
--- parse-tree-json start ---
{
  "type" : "Integer",
  "val" : "1"
}
--- parse-tree-json end ---
--- ast start ---
class <emptyTree><<C <root>>> < ()
  1
end
--- ast end ---
--- ast-raw start ---
ClassDef{
  kind = class
  name = EmptyTree<<C <U <root>>>>
  ancestors = []
  rhs = [
    Literal{ value = 1 }
  ]
}
--- ast-raw end ---
--- dsl-tree start ---
class <emptyTree><<C <root>>> < ()
  1
end
--- dsl-tree end ---
--- dsl-tree-raw start ---
ClassDef{
  kind = class
  name = EmptyTree<<C <U <root>>>>
  ancestors = []
  rhs = [
    Literal{ value = 1 }
  ]
}
--- dsl-tree-raw end ---
--- index-tree start ---
class <emptyTree><<C <root>>> < ()
  1
end
--- index-tree end ---
--- index-tree-raw start ---
ClassDef{
  kind = class
  name = EmptyTree<<C <U <root>>>>
  ancestors = []
  rhs = [
    Literal{ value = 1 }
  ]
}
--- index-tree-raw end ---
--- symbol-table start ---
class ::<root> < ::Object () @ (-e:1, https://github.com/sorbet/sorbet/tree/master/bazel-out/host/genfiles/rbi/procs.rbi#L1, https://github.com/sorbet/sorbet/tree/master/rbi/core/constants.rbi#L3, https://github.com/sorbet/sorbet/tree/master/rbi/core/encoding.rbi#L3, https://github.com/sorbet/sorbet/tree/master/rbi/core/enumerator.rbi#L3, https://github.com/sorbet/sorbet/tree/master/rbi/core/errno.rbi#L3, https://github.com/sorbet/sorbet/tree/master/rbi/core/errors.rbi#L3, https://github.com/sorbet/sorbet/tree/master/rbi/core/file.rbi#L3, https://github.com/sorbet/sorbet/tree/master/rbi/core/fixnum.rbi#L3, https://github.com/sorbet/sorbet/tree/master/rbi/core/gc.rbi#L3, https://github.com/sorbet/sorbet/tree/master/rbi/core/io.rbi#L3, https://github.com/sorbet/sorbet/tree/master/rbi/core/math.rbi#L3, https://github.com/sorbet/sorbet/tree/master/rbi/core/process.rbi#L3, https://github.com/sorbet/sorbet/tree/master/rbi/core/random.rbi#L3, https://github.com/sorbet/sorbet/tree/master/rbi/core/ruby_vm.rbi#L3, https://github.com/sorbet/sorbet/tree/master/rbi/core/thread.rbi#L3, https://github.com/sorbet/sorbet/tree/master/rbi/gems/chalk.rbi#L4, https://github.com/sorbet/sorbet/tree/master/rbi/gems/didyoumean.rbi#L2, https://github.com/sorbet/sorbet/tree/master/rbi/gems/msgpack.rbi#L6, https://github.com/sorbet/sorbet/tree/master/rbi/gems/stringscanner.rbi#L2, https://github.com/sorbet/sorbet/tree/master/rbi/sorbet/sorbet.rbi#L2, https://github.com/sorbet/sorbet/tree/master/rbi/sorbet/stdlib.rbi#L4, https://github.com/sorbet/sorbet/tree/master/rbi/sorbet/t.rbi#L2, https://github.com/sorbet/sorbet/tree/master/rbi/stdlib/benchmark.rbi#L3, https://github.com/sorbet/sorbet/tree/master/rbi/stdlib/cgi.rbi#L3, https://github.com/sorbet/sorbet/tree/master/rbi/stdlib/csv.rbi#L3, https://github.com/sorbet/sorbet/tree/master/rbi/stdlib/date.rbi#L3, https://github.com/sorbet/sorbet/tree/master/rbi/stdlib/delegator.rbi#L3, https://github.com/sorbet/sorbet/tree/master/rbi/stdlib/digest.rbi#L3, https://github.com/sorbet/sorbet/tree/master/rbi/stdlib/dir.rbi#L6, https://github.com/sorbet/sorbet/tree/master/rbi/stdlib/erb.rbi#L3, https://github.com/sorbet/sorbet/tree/master/rbi/stdlib/etc.rbi#L3, https://github.com/sorbet/sorbet/tree/master/rbi/stdlib/fileutils.rbi#L3, https://github.com/sorbet/sorbet/tree/master/rbi/stdlib/forwardable.rbi#L3, https://github.com/sorbet/sorbet/tree/master/rbi/stdlib/gem.rbi#L3, https://github.com/sorbet/sorbet/tree/master/rbi/stdlib/json.rbi#L3, https://github.com/sorbet/sorbet/tree/master/rbi/stdlib/logger.rbi#L3, https://github.com/sorbet/sorbet/tree/master/rbi/stdlib/monitor.rbi#L3, https://github.com/sorbet/sorbet/tree/master/rbi/stdlib/net.rbi#L6, https://github.com/sorbet/sorbet/tree/master/rbi/stdlib/objspace.rbi#L3, https://github.com/sorbet/sorbet/tree/master/rbi/stdlib/openssl.rbi#L6, https://github.com/sorbet/sorbet/tree/master/rbi/stdlib/pp.rbi#L3, https://github.com/sorbet/sorbet/tree/master/rbi/stdlib/racc.rbi#L3, https://github.com/sorbet/sorbet/tree/master/rbi/stdlib/set.rbi#L3, https://github.com/sorbet/sorbet/tree/master/rbi/stdlib/socket.rbi#L3, https://github.com/sorbet/sorbet/tree/master/rbi/stdlib/stringio.rbi#L3, https://github.com/sorbet/sorbet/tree/master/rbi/stdlib/timeout.rbi#L3, https://github.com/sorbet/sorbet/tree/master/rbi/stdlib/tsort.rbi#L3, https://github.com/sorbet/sorbet/tree/master/rbi/stdlib/uri.rbi#L3, https://github.com/sorbet/sorbet/tree/master/rbi/stdlib/webrick.rbi#L3)
  class ::<Class:<root>> < ::<Class:Object> ()
    method ::<Class:<root>>#<static-init> (<blk>) @ -e:1
      argument <blk><block> @ Loc {file=-e start=??? end=???}

--- symbol-table end ---
--- symbol-table-raw start ---
class <C <U <root>>> < <C <U Object>> () @ (Loc {file=-e start=1:1 end=1:2}, Loc {file=https://github.com/sorbet/sorbet/tree/master/bazel-out/host/genfiles/rbi/procs.rbi start=1:1 end=252:4}, Loc {file=https://github.com/sorbet/sorbet/tree/master/rbi/core/constants.rbi start=3:1 end=21:41}, Loc {file=https://github.com/sorbet/sorbet/tree/master/rbi/core/encoding.rbi start=3:1 end=326:4}, Loc {file=https://github.com/sorbet/sorbet/tree/master/rbi/core/enumerator.rbi start=3:1 end=115:4}, Loc {file=https://github.com/sorbet/sorbet/tree/master/rbi/core/errno.rbi start=3:1 end=536:4}, Loc {file=https://github.com/sorbet/sorbet/tree/master/rbi/core/errors.rbi start=3:1 end=94:4}, Loc {file=https://github.com/sorbet/sorbet/tree/master/rbi/core/file.rbi start=3:1 end=799:4}, Loc {file=https://github.com/sorbet/sorbet/tree/master/rbi/core/fixnum.rbi start=3:1 end=3:17}, Loc {file=https://github.com/sorbet/sorbet/tree/master/rbi/core/gc.rbi start=3:1 end=62:4}, Loc {file=https://github.com/sorbet/sorbet/tree/master/rbi/core/io.rbi start=3:1 end=688:4}, Loc {file=https://github.com/sorbet/sorbet/tree/master/rbi/core/math.rbi start=3:1 end=221:4}, Loc {file=https://github.com/sorbet/sorbet/tree/master/rbi/core/process.rbi start=3:1 end=571:4}, Loc {file=https://github.com/sorbet/sorbet/tree/master/rbi/core/random.rbi start=3:1 end=183:4}, Loc {file=https://github.com/sorbet/sorbet/tree/master/rbi/core/ruby_vm.rbi start=3:1 end=10:4}, Loc {file=https://github.com/sorbet/sorbet/tree/master/rbi/core/thread.rbi start=3:1 end=53:4}, Loc {file=https://github.com/sorbet/sorbet/tree/master/rbi/gems/chalk.rbi start=4:1 end=42:4}, Loc {file=https://github.com/sorbet/sorbet/tree/master/rbi/gems/didyoumean.rbi start=2:1 end=47:4}, Loc {file=https://github.com/sorbet/sorbet/tree/master/rbi/gems/msgpack.rbi start=6:1 end=560:4}, Loc {file=https://github.com/sorbet/sorbet/tree/master/rbi/gems/stringscanner.rbi start=2:1 end=28:4}, Loc {file=https://github.com/sorbet/sorbet/tree/master/rbi/sorbet/sorbet.rbi start=2:1 end=173:4}, Loc {file=https://github.com/sorbet/sorbet/tree/master/rbi/sorbet/stdlib.rbi start=4:1 end=41:2}, Loc {file=https://github.com/sorbet/sorbet/tree/master/rbi/sorbet/t.rbi start=2:1 end=113:56}, Loc {file=https://github.com/sorbet/sorbet/tree/master/rbi/stdlib/benchmark.rbi start=3:1 end=64:4}, Loc {file=https://github.com/sorbet/sorbet/tree/master/rbi/stdlib/cgi.rbi start=3:1 end=509:4}, Loc {file=https://github.com/sorbet/sorbet/tree/master/rbi/stdlib/csv.rbi start=3:1 end=96:54}, Loc {file=https://github.com/sorbet/sorbet/tree/master/rbi/stdlib/date.rbi start=3:1 end=387:4}, Loc {file=https://github.com/sorbet/sorbet/tree/master/rbi/stdlib/delegator.rbi start=3:1 end=7:4}, Loc {file=https://github.com/sorbet/sorbet/tree/master/rbi/stdlib/digest.rbi start=3:1 end=232:4}, Loc {file=https://github.com/sorbet/sorbet/tree/master/rbi/stdlib/dir.rbi start=6:1 end=48:4}, Loc {file=https://github.com/sorbet/sorbet/tree/master/rbi/stdlib/erb.rbi start=3:1 end=498:4}, Loc {file=https://github.com/sorbet/sorbet/tree/master/rbi/stdlib/etc.rbi start=3:1 end=193:4}, Loc {file=https://github.com/sorbet/sorbet/tree/master/rbi/stdlib/fileutils.rbi start=3:1 end=82:4}, Loc {file=https://github.com/sorbet/sorbet/tree/master/rbi/stdlib/forwardable.rbi start=3:1 end=9:4}, Loc {file=https://github.com/sorbet/sorbet/tree/master/rbi/stdlib/gem.rbi start=3:1 end=254:4}, Loc {file=https://github.com/sorbet/sorbet/tree/master/rbi/stdlib/json.rbi start=3:1 end=721:4}, Loc {file=https://github.com/sorbet/sorbet/tree/master/rbi/stdlib/logger.rbi start=3:1 end=193:4}, Loc {file=https://github.com/sorbet/sorbet/tree/master/rbi/stdlib/monitor.rbi start=3:1 end=14:4}, Loc {file=https://github.com/sorbet/sorbet/tree/master/rbi/stdlib/net.rbi start=6:1 end=5805:4}, Loc {file=https://github.com/sorbet/sorbet/tree/master/rbi/stdlib/objspace.rbi start=3:1 end=18:4}, Loc {file=https://github.com/sorbet/sorbet/tree/master/rbi/stdlib/openssl.rbi start=6:1 end=5328:4}, Loc {file=https://github.com/sorbet/sorbet/tree/master/rbi/stdlib/pp.rbi start=3:1 end=97:4}, Loc {file=https://github.com/sorbet/sorbet/tree/master/rbi/stdlib/racc.rbi start=3:1 end=36:4}, Loc {file=https://github.com/sorbet/sorbet/tree/master/rbi/stdlib/set.rbi start=3:1 end=344:4}, Loc {file=https://github.com/sorbet/sorbet/tree/master/rbi/stdlib/socket.rbi start=3:1 end=1852:4}, Loc {file=https://github.com/sorbet/sorbet/tree/master/rbi/stdlib/stringio.rbi start=3:1 end=443:4}, Loc {file=https://github.com/sorbet/sorbet/tree/master/rbi/stdlib/timeout.rbi start=3:1 end=37:4}, Loc {file=https://github.com/sorbet/sorbet/tree/master/rbi/stdlib/tsort.rbi start=3:1 end=19:4}, Loc {file=https://github.com/sorbet/sorbet/tree/master/rbi/stdlib/uri.rbi start=3:1 end=434:4}, Loc {file=https://github.com/sorbet/sorbet/tree/master/rbi/stdlib/webrick.rbi start=3:1 end=2363:4})
  class <S <C <U <root>>> $1> < <S <C <U Object>> $1> ()
    method <S <C <U <root>>> $1><N <U <static-init>> $108> (<blk>) @ Loc {file=-e start=1:1 end=1:2}
      argument <blk><block> @ Loc {file=-e start=??? end=???}

--- symbol-table-raw end ---
--- name-tree start ---
class <emptyTree><<C <root>>> < ()
  1
end
--- name-tree end ---
--- name-tree-raw start ---
ClassDef{
  kind = class
  name = EmptyTree<<C <U <root>>>>
  ancestors = []
  rhs = [
    Literal{ value = 1 }
  ]
}
--- name-tree-raw end ---
--- resolve-tree start ---
class <emptyTree><<C <root>>> < ()
  1
end
--- resolve-tree end ---
--- resolve-tree-raw start ---
ClassDef{
  kind = class
  name = EmptyTree<<C <U <root>>>>
  ancestors = []
  rhs = [
    Literal{ value = 1 }
  ]
}
--- resolve-tree-raw end ---
--- file-table-json start ---
{
 "files": [
  {
   "path": "https://github.com/sorbet/sorbet/tree/master/bazel-out/host/genfiles/rbi/procs.rbi",
   "min_error_level": "Max"
  },
  {
   "path": "https://github.com/sorbet/sorbet/tree/master/rbi/core/array.rbi",
   "sigil": "Stdlib",
   "strict": "Stdlib",
   "min_error_level": "Max"
  },
  {
   "path": "https://github.com/sorbet/sorbet/tree/master/rbi/core/basic_object.rbi",
   "sigil": "Stdlib",
   "strict": "Stdlib",
   "min_error_level": "Max"
  },
  {
   "path": "https://github.com/sorbet/sorbet/tree/master/rbi/core/binding.rbi",
   "sigil": "Stdlib",
   "strict": "Stdlib",
   "min_error_level": "Max"
  },
  {
   "path": "https://github.com/sorbet/sorbet/tree/master/rbi/core/class.rbi",
   "sigil": "Stdlib",
   "strict": "Stdlib",
   "min_error_level": "Max"
  },
  {
   "path": "https://github.com/sorbet/sorbet/tree/master/rbi/core/comparable.rbi",
   "sigil": "Stdlib",
   "strict": "Stdlib",
   "min_error_level": "Max"
  },
  {
   "path": "https://github.com/sorbet/sorbet/tree/master/rbi/core/complex.rbi",
   "sigil": "Stdlib",
   "strict": "Stdlib",
   "min_error_level": "Max"
  },
  {
   "path": "https://github.com/sorbet/sorbet/tree/master/rbi/core/constants.rbi",
   "sigil": "Stdlib",
   "strict": "Stdlib",
   "min_error_level": "Max"
  },
  {
   "path": "https://github.com/sorbet/sorbet/tree/master/rbi/core/data.rbi",
   "sigil": "Stdlib",
   "strict": "Stdlib",
   "min_error_level": "Max"
  },
  {
   "path": "https://github.com/sorbet/sorbet/tree/master/rbi/core/dir.rbi",
   "sigil": "Stdlib",
   "strict": "Stdlib",
   "min_error_level": "Max"
  },
  {
   "path": "https://github.com/sorbet/sorbet/tree/master/rbi/core/encoding.rbi",
   "sigil": "Stdlib",
   "strict": "Stdlib",
   "min_error_level": "Max"
  },
  {
   "path": "https://github.com/sorbet/sorbet/tree/master/rbi/core/enumerable.rbi",
   "sigil": "Stdlib",
   "strict": "Stdlib",
   "min_error_level": "Max"
  },
  {
   "path": "https://github.com/sorbet/sorbet/tree/master/rbi/core/enumerator.rbi",
   "sigil": "Stdlib",
   "strict": "Stdlib",
   "min_error_level": "Max"
  },
  {
   "path": "https://github.com/sorbet/sorbet/tree/master/rbi/core/errno.rbi",
   "sigil": "Stdlib",
   "strict": "Stdlib",
   "min_error_level": "Max"
  },
  {
   "path": "https://github.com/sorbet/sorbet/tree/master/rbi/core/errors.rbi",
   "sigil": "Stdlib",
   "strict": "Stdlib",
   "min_error_level": "Max"
  },
  {
   "path": "https://github.com/sorbet/sorbet/tree/master/rbi/core/exception.rbi",
   "sigil": "Stdlib",
   "strict": "Stdlib",
   "min_error_level": "Max"
  },
  {
   "path": "https://github.com/sorbet/sorbet/tree/master/rbi/core/false_class.rbi",
   "sigil": "Stdlib",
   "strict": "Stdlib",
   "min_error_level": "Max"
  },
  {
   "path": "https://github.com/sorbet/sorbet/tree/master/rbi/core/fiber.rbi",
   "sigil": "Stdlib",
   "strict": "Stdlib",
   "min_error_level": "Max"
  },
  {
   "path": "https://github.com/sorbet/sorbet/tree/master/rbi/core/fiber_error.rbi",
   "sigil": "Stdlib",
   "strict": "Stdlib",
   "min_error_level": "Max"
  },
  {
   "path": "https://github.com/sorbet/sorbet/tree/master/rbi/core/file.rbi",
   "sigil": "Stdlib",
   "strict": "Stdlib",
   "min_error_level": "Max"
  },
  {
   "path": "https://github.com/sorbet/sorbet/tree/master/rbi/core/file_test.rbi",
   "sigil": "Stdlib",
   "strict": "Stdlib",
   "min_error_level": "Max"
  },
  {
   "path": "https://github.com/sorbet/sorbet/tree/master/rbi/core/fixnum.rbi",
   "sigil": "Stdlib",
   "strict": "Stdlib",
   "min_error_level": "Max"
  },
  {
   "path": "https://github.com/sorbet/sorbet/tree/master/rbi/core/float.rbi",
   "sigil": "Stdlib",
   "strict": "Stdlib",
   "min_error_level": "Max"
  },
  {
   "path": "https://github.com/sorbet/sorbet/tree/master/rbi/core/gc.rbi",
   "sigil": "Stdlib",
   "strict": "Stdlib",
   "min_error_level": "Max"
  },
  {
   "path": "https://github.com/sorbet/sorbet/tree/master/rbi/core/hash.rbi",
   "sigil": "Stdlib",
   "strict": "Stdlib",
   "min_error_level": "Max"
  },
  {
   "path": "https://github.com/sorbet/sorbet/tree/master/rbi/core/integer.rbi",
   "sigil": "Stdlib",
   "strict": "Stdlib",
   "min_error_level": "Max"
  },
  {
   "path": "https://github.com/sorbet/sorbet/tree/master/rbi/core/io.rbi",
   "sigil": "Stdlib",
   "strict": "Stdlib",
   "min_error_level": "Max"
  },
  {
   "path": "https://github.com/sorbet/sorbet/tree/master/rbi/core/kernel.rbi",
   "sigil": "Stdlib",
   "strict": "Stdlib",
   "min_error_level": "Max"
  },
  {
   "path": "https://github.com/sorbet/sorbet/tree/master/rbi/core/marshal.rbi",
   "sigil": "Stdlib",
   "strict": "Stdlib",
   "min_error_level": "Max"
  },
  {
   "path": "https://github.com/sorbet/sorbet/tree/master/rbi/core/match_data.rbi",
   "sigil": "Stdlib",
   "strict": "Stdlib",
   "min_error_level": "Max"
  },
  {
   "path": "https://github.com/sorbet/sorbet/tree/master/rbi/core/math.rbi",
   "sigil": "Stdlib",
   "strict": "Stdlib",
   "min_error_level": "Max"
  },
  {
   "path": "https://github.com/sorbet/sorbet/tree/master/rbi/core/method.rbi",
   "sigil": "Stdlib",
   "strict": "Stdlib",
   "min_error_level": "Max"
  },
  {
   "path": "https://github.com/sorbet/sorbet/tree/master/rbi/core/module.rbi",
   "sigil": "Stdlib",
   "strict": "Stdlib",
   "min_error_level": "Max"
  },
  {
   "path": "https://github.com/sorbet/sorbet/tree/master/rbi/core/nil_class.rbi",
   "sigil": "Stdlib",
   "strict": "Stdlib",
   "min_error_level": "Max"
  },
  {
   "path": "https://github.com/sorbet/sorbet/tree/master/rbi/core/numeric.rbi",
   "sigil": "Stdlib",
   "strict": "Stdlib",
   "min_error_level": "Max"
  },
  {
   "path": "https://github.com/sorbet/sorbet/tree/master/rbi/core/object.rbi",
   "sigil": "Stdlib",
   "strict": "Stdlib",
   "min_error_level": "Max"
  },
  {
   "path": "https://github.com/sorbet/sorbet/tree/master/rbi/core/proc.rbi",
   "sigil": "Stdlib",
   "strict": "Stdlib",
   "min_error_level": "Max"
  },
  {
   "path": "https://github.com/sorbet/sorbet/tree/master/rbi/core/process.rbi",
   "sigil": "Stdlib",
   "strict": "Stdlib",
   "min_error_level": "Max"
  },
  {
   "path": "https://github.com/sorbet/sorbet/tree/master/rbi/core/random.rbi",
   "sigil": "Stdlib",
   "strict": "Stdlib",
   "min_error_level": "Max"
  },
  {
   "path": "https://github.com/sorbet/sorbet/tree/master/rbi/core/range.rbi",
   "sigil": "Stdlib",
   "strict": "Stdlib",
   "min_error_level": "Max"
  },
  {
   "path": "https://github.com/sorbet/sorbet/tree/master/rbi/core/rational.rbi",
   "sigil": "Stdlib",
   "strict": "Stdlib",
   "min_error_level": "Max"
  },
  {
   "path": "https://github.com/sorbet/sorbet/tree/master/rbi/core/rb_config.rbi",
   "sigil": "Stdlib",
   "strict": "Stdlib",
   "min_error_level": "Max"
  },
  {
   "path": "https://github.com/sorbet/sorbet/tree/master/rbi/core/regexp.rbi",
   "sigil": "Stdlib",
   "strict": "Stdlib",
   "min_error_level": "Max"
  },
  {
   "path": "https://github.com/sorbet/sorbet/tree/master/rbi/core/ruby_vm.rbi",
   "sigil": "Stdlib",
   "strict": "Stdlib",
   "min_error_level": "Max"
  },
  {
   "path": "https://github.com/sorbet/sorbet/tree/master/rbi/core/signal.rbi",
   "sigil": "Stdlib",
   "strict": "Stdlib",
   "min_error_level": "Max"
  },
  {
   "path": "https://github.com/sorbet/sorbet/tree/master/rbi/core/string.rbi",
   "sigil": "Stdlib",
   "strict": "Stdlib",
   "min_error_level": "Max"
  },
  {
   "path": "https://github.com/sorbet/sorbet/tree/master/rbi/core/struct.rbi",
   "sigil": "Stdlib",
   "strict": "Stdlib",
   "min_error_level": "Max"
  },
  {
   "path": "https://github.com/sorbet/sorbet/tree/master/rbi/core/symbol.rbi",
   "sigil": "Stdlib",
   "strict": "Stdlib",
   "min_error_level": "Max"
  },
  {
   "path": "https://github.com/sorbet/sorbet/tree/master/rbi/core/thread.rbi",
   "sigil": "Stdlib",
   "strict": "Stdlib",
   "min_error_level": "Max"
  },
  {
   "path": "https://github.com/sorbet/sorbet/tree/master/rbi/core/thread_group.rbi",
   "sigil": "Stdlib",
   "strict": "Stdlib",
   "min_error_level": "Max"
  },
  {
   "path": "https://github.com/sorbet/sorbet/tree/master/rbi/core/time.rbi",
   "sigil": "Stdlib",
   "strict": "Stdlib",
   "min_error_level": "Max"
  },
  {
   "path": "https://github.com/sorbet/sorbet/tree/master/rbi/core/trace_point.rbi",
   "sigil": "Stdlib",
   "strict": "Stdlib",
   "min_error_level": "Max"
  },
  {
   "path": "https://github.com/sorbet/sorbet/tree/master/rbi/core/true_class.rbi",
   "sigil": "Stdlib",
   "strict": "Stdlib",
   "min_error_level": "Max"
  },
  {
   "path": "https://github.com/sorbet/sorbet/tree/master/rbi/core/unbound_method.rbi",
   "sigil": "Stdlib",
   "strict": "Stdlib",
   "min_error_level": "Max"
  },
  {
   "path": "https://github.com/sorbet/sorbet/tree/master/rbi/core/warning.rbi",
   "sigil": "Stdlib",
   "strict": "Stdlib",
   "min_error_level": "Max"
  },
  {
   "path": "https://github.com/sorbet/sorbet/tree/master/rbi/gems/bundler.rbi",
   "sigil": "Stdlib",
   "strict": "Stdlib",
   "min_error_level": "Max"
  },
  {
   "path": "https://github.com/sorbet/sorbet/tree/master/rbi/gems/chalk.rbi",
   "sigil": "Stdlib",
   "strict": "Stdlib",
   "min_error_level": "Max"
  },
  {
   "path": "https://github.com/sorbet/sorbet/tree/master/rbi/gems/configatron.rbi",
   "sigil": "Stdlib",
   "strict": "Stdlib",
   "min_error_level": "Max"
  },
  {
   "path": "https://github.com/sorbet/sorbet/tree/master/rbi/gems/didyoumean.rbi",
   "sigil": "Stdlib",
   "strict": "Stdlib",
   "min_error_level": "Max"
  },
  {
   "path": "https://github.com/sorbet/sorbet/tree/master/rbi/gems/msgpack.rbi",
   "sigil": "Stdlib",
   "strict": "Stdlib",
   "min_error_level": "Max"
  },
  {
   "path": "https://github.com/sorbet/sorbet/tree/master/rbi/gems/stringscanner.rbi",
   "sigil": "Stdlib",
   "strict": "Stdlib",
   "min_error_level": "Max"
  },
  {
   "path": "https://github.com/sorbet/sorbet/tree/master/rbi/sorbet/builder.rbi",
   "sigil": "Stdlib",
   "strict": "Stdlib",
   "min_error_level": "Max"
  },
  {
   "path": "https://github.com/sorbet/sorbet/tree/master/rbi/sorbet/sig.rbi",
   "sigil": "Stdlib",
   "strict": "Stdlib",
   "min_error_level": "Max"
  },
  {
   "path": "https://github.com/sorbet/sorbet/tree/master/rbi/sorbet/sorbet.rbi",
   "sigil": "Stdlib",
   "strict": "Stdlib",
   "min_error_level": "Max"
  },
  {
   "path": "https://github.com/sorbet/sorbet/tree/master/rbi/sorbet/stdlib.rbi",
   "sigil": "Stdlib",
   "strict": "Stdlib",
   "min_error_level": "Max"
  },
  {
   "path": "https://github.com/sorbet/sorbet/tree/master/rbi/sorbet/t.rbi",
   "sigil": "Stdlib",
   "strict": "Stdlib",
   "min_error_level": "Max"
  },
  {
   "path": "https://github.com/sorbet/sorbet/tree/master/rbi/stdlib/abbrev.rbi",
   "sigil": "Stdlib",
   "strict": "Stdlib",
   "min_error_level": "Max"
  },
  {
   "path": "https://github.com/sorbet/sorbet/tree/master/rbi/stdlib/base64.rbi",
   "sigil": "Stdlib",
   "strict": "Stdlib",
   "min_error_level": "Max"
  },
  {
   "path": "https://github.com/sorbet/sorbet/tree/master/rbi/stdlib/benchmark.rbi",
   "sigil": "Stdlib",
   "strict": "Stdlib",
   "min_error_level": "Max"
  },
  {
   "path": "https://github.com/sorbet/sorbet/tree/master/rbi/stdlib/big_math.rbi",
   "sigil": "Stdlib",
   "strict": "Stdlib",
   "min_error_level": "Max"
  },
  {
   "path": "https://github.com/sorbet/sorbet/tree/master/rbi/stdlib/bigdecimal.rbi",
   "sigil": "Stdlib",
   "strict": "Stdlib",
   "min_error_level": "Max"
  },
  {
   "path": "https://github.com/sorbet/sorbet/tree/master/rbi/stdlib/cgi.rbi",
   "sigil": "Stdlib",
   "strict": "Stdlib",
   "min_error_level": "Max"
  },
  {
   "path": "https://github.com/sorbet/sorbet/tree/master/rbi/stdlib/coverage.rbi",
   "sigil": "Stdlib",
   "strict": "Stdlib",
   "min_error_level": "Max"
  },
  {
   "path": "https://github.com/sorbet/sorbet/tree/master/rbi/stdlib/csv.rbi",
   "sigil": "Stdlib",
   "strict": "Stdlib",
   "min_error_level": "Max"
  },
  {
   "path": "https://github.com/sorbet/sorbet/tree/master/rbi/stdlib/date.rbi",
   "sigil": "Stdlib",
   "strict": "Stdlib",
   "min_error_level": "Max"
  },
  {
   "path": "https://github.com/sorbet/sorbet/tree/master/rbi/stdlib/date_time.rbi",
   "sigil": "Stdlib",
   "strict": "Stdlib",
   "min_error_level": "Max"
  },
  {
   "path": "https://github.com/sorbet/sorbet/tree/master/rbi/stdlib/delegator.rbi",
   "sigil": "Stdlib",
   "strict": "Stdlib",
   "min_error_level": "Max"
  },
  {
   "path": "https://github.com/sorbet/sorbet/tree/master/rbi/stdlib/digest.rbi",
   "sigil": "Stdlib",
   "strict": "Stdlib",
   "min_error_level": "Max"
  },
  {
   "path": "https://github.com/sorbet/sorbet/tree/master/rbi/stdlib/dir.rbi",
   "sigil": "Stdlib",
   "strict": "Stdlib",
   "min_error_level": "Max"
  },
  {
   "path": "https://github.com/sorbet/sorbet/tree/master/rbi/stdlib/e2mmap.rbi",
   "sigil": "Stdlib",
   "strict": "Stdlib",
   "min_error_level": "Max"
  },
  {
   "path": "https://github.com/sorbet/sorbet/tree/master/rbi/stdlib/erb.rbi",
   "sigil": "Stdlib",
   "strict": "Stdlib",
   "min_error_level": "Max"
  },
  {
   "path": "https://github.com/sorbet/sorbet/tree/master/rbi/stdlib/etc.rbi",
   "sigil": "Stdlib",
   "strict": "Stdlib",
   "min_error_level": "Max"
  },
  {
   "path": "https://github.com/sorbet/sorbet/tree/master/rbi/stdlib/fileutils.rbi",
   "sigil": "Stdlib",
   "strict": "Stdlib",
   "min_error_level": "Max"
  },
  {
   "path": "https://github.com/sorbet/sorbet/tree/master/rbi/stdlib/forwardable.rbi",
   "sigil": "Stdlib",
   "strict": "Stdlib",
   "min_error_level": "Max"
  },
  {
   "path": "https://github.com/sorbet/sorbet/tree/master/rbi/stdlib/gem.rbi",
   "sigil": "Stdlib",
   "strict": "Stdlib",
   "min_error_level": "Max"
  },
  {
   "path": "https://github.com/sorbet/sorbet/tree/master/rbi/stdlib/json.rbi",
   "sigil": "Stdlib",
   "strict": "Stdlib",
   "min_error_level": "Max"
  },
  {
   "path": "https://github.com/sorbet/sorbet/tree/master/rbi/stdlib/logger.rbi",
   "sigil": "Stdlib",
   "strict": "Stdlib",
   "min_error_level": "Max"
  },
  {
   "path": "https://github.com/sorbet/sorbet/tree/master/rbi/stdlib/monitor.rbi",
   "sigil": "Stdlib",
   "strict": "Stdlib",
   "min_error_level": "Max"
  },
  {
   "path": "https://github.com/sorbet/sorbet/tree/master/rbi/stdlib/mutex_m.rbi",
   "sigil": "Stdlib",
   "strict": "Stdlib",
   "min_error_level": "Max"
  },
  {
   "path": "https://github.com/sorbet/sorbet/tree/master/rbi/stdlib/net.rbi",
   "sigil": "Stdlib",
   "strict": "Stdlib",
   "min_error_level": "Max"
  },
  {
   "path": "https://github.com/sorbet/sorbet/tree/master/rbi/stdlib/objspace.rbi",
   "sigil": "Stdlib",
   "strict": "Stdlib",
   "min_error_level": "Max"
  },
  {
   "path": "https://github.com/sorbet/sorbet/tree/master/rbi/stdlib/open_struct.rbi",
   "sigil": "Stdlib",
   "strict": "Stdlib",
   "min_error_level": "Max"
  },
  {
   "path": "https://github.com/sorbet/sorbet/tree/master/rbi/stdlib/openssl.rbi",
   "sigil": "Stdlib",
   "strict": "Stdlib",
   "min_error_level": "Max"
  },
  {
   "path": "https://github.com/sorbet/sorbet/tree/master/rbi/stdlib/pathname.rbi",
   "sigil": "Stdlib",
   "strict": "Stdlib",
   "min_error_level": "Max"
  },
  {
   "path": "https://github.com/sorbet/sorbet/tree/master/rbi/stdlib/pp.rbi",
   "sigil": "Stdlib",
   "strict": "Stdlib",
   "min_error_level": "Max"
  },
  {
   "path": "https://github.com/sorbet/sorbet/tree/master/rbi/stdlib/racc.rbi",
   "sigil": "Stdlib",
   "strict": "Stdlib",
   "min_error_level": "Max"
  },
  {
   "path": "https://github.com/sorbet/sorbet/tree/master/rbi/stdlib/ripper.rbi",
   "sigil": "Stdlib",
   "strict": "Stdlib",
   "min_error_level": "Max"
  },
  {
   "path": "https://github.com/sorbet/sorbet/tree/master/rbi/stdlib/set.rbi",
   "sigil": "Stdlib",
   "strict": "Stdlib",
   "min_error_level": "Max"
  },
  {
   "path": "https://github.com/sorbet/sorbet/tree/master/rbi/stdlib/singleton.rbi",
   "sigil": "Stdlib",
   "strict": "Stdlib",
   "min_error_level": "Max"
  },
  {
   "path": "https://github.com/sorbet/sorbet/tree/master/rbi/stdlib/socket.rbi",
   "sigil": "Stdlib",
   "strict": "Stdlib",
   "min_error_level": "Max"
  },
  {
   "path": "https://github.com/sorbet/sorbet/tree/master/rbi/stdlib/stringio.rbi",
   "sigil": "Stdlib",
   "strict": "Stdlib",
   "min_error_level": "Max"
  },
  {
   "path": "https://github.com/sorbet/sorbet/tree/master/rbi/stdlib/tempfile.rbi",
   "sigil": "Stdlib",
   "strict": "Stdlib",
   "min_error_level": "Max"
  },
  {
   "path": "https://github.com/sorbet/sorbet/tree/master/rbi/stdlib/time.rbi",
   "sigil": "Stdlib",
   "strict": "Stdlib",
   "min_error_level": "Max"
  },
  {
   "path": "https://github.com/sorbet/sorbet/tree/master/rbi/stdlib/timeout.rbi",
   "sigil": "Stdlib",
   "strict": "Stdlib",
   "min_error_level": "Max"
  },
  {
   "path": "https://github.com/sorbet/sorbet/tree/master/rbi/stdlib/tsort.rbi",
   "sigil": "Stdlib",
   "strict": "Stdlib",
   "min_error_level": "Max"
  },
  {
   "path": "https://github.com/sorbet/sorbet/tree/master/rbi/stdlib/uri.rbi",
   "sigil": "Stdlib",
   "strict": "Stdlib",
   "min_error_level": "Max"
  },
  {
   "path": "https://github.com/sorbet/sorbet/tree/master/rbi/stdlib/webrick.rbi",
   "sigil": "Stdlib",
   "strict": "Stdlib",
   "min_error_level": "Max"
  },
  {
   "path": "-e",
   "sigil": "True",
   "strict": "True",
   "min_error_level": "Max"
  }
 ]
}
--- file-table-json end ---
--- cfg start ---
digraph "-e" {
subgraph "cluster_::<Class:<root>>#<static-init>" {
    label = "::<Class:<root>>#<static-init>";
    color = blue;
    "bb::<Class:<root>>#<static-init>_0" [shape = invhouse];
    "bb::<Class:<root>>#<static-init>_1" [shape = parallelogram];

    "bb::<Class:<root>>#<static-init>_0" [
        label = "block[id=0]()\l<self>: T.class_of(<root>) = cast(<self>: NilClass, T.class_of(<root>));\l<returnMethodTemp>$2: Integer(1) = 1\l<finalReturn>: T.noreturn = return <returnMethodTemp>$2: Integer(1)\l<unconditional>\l"
    ];

    "bb::<Class:<root>>#<static-init>_0" -> "bb::<Class:<root>>#<static-init>_1" [style="bold"];
    "bb::<Class:<root>>#<static-init>_1" [
        label = "block[id=1]()\l<unconditional>\l"
    ];

    "bb::<Class:<root>>#<static-init>_1" -> "bb::<Class:<root>>#<static-init>_1" [style="bold"];
}

}

--- cfg end ---
--- cfg-json start ---
--- cfg-json end ---
--- checking diff ---
--- checking crashes ---
--- checking crashes end ---
